m
-
-
h
x
l
-
-
-
-
-
-
-
-
w
-
-
k
f
-
c
p
-
t
-
-
m
u
y
h
x
l
r
n
o
v
a
i
z
q
w
s
g
k
f
j
c
p
e
t
d
b