-
-
-
nh
r
pqgf
-
-
-
r
jlq
r
du
pqgf
r
jlq
-
nh
-
-
r
nh
-
-
jlq
-
-
-
jlq
-
pqgf
du
-
r
r
-
nh
nh
-
nh
du
jlq
du
du
r
r
r
-
r
r
-
-
jlq
-
-
r
nh
pqgf
du
pqgf
rfes
-
-
-
du
k
s
ea
assq
wks
fhz
pqgf
jjn
okzr
layo
du
k
s
y
r
-
hxl
v
sl
qp
lhu
b
r
tjkf
n
al
ih
vmbi
r